// Jest Snapshot v1, https://goo.gl/fbAQLP

exports[`<Tooltip /> renders correctly 1`] = `
Array [
  <View
    accessible={true}
    isTVSelectable={true}
    onResponderGrant={[Function]}
    onResponderMove={[Function]}
    onResponderRelease={[Function]}
    onResponderTerminate={[Function]}
    onResponderTerminationRequest={[Function]}
    onStartShouldSetResponder={[Function]}
    style={null}
  >
    <Text
      style={null}
    >
      Text
    </Text>
  </View>,
  <Modal
    animationType="fade"
    hardwareAccelerated={false}
    transparent={true}
    visible={false}
  >
    <View
      accessible={true}
      onResponderGrant={[Function]}
      onResponderMove={[Function]}
      onResponderRelease={[Function]}
      onResponderTerminate={[Function]}
      onResponderTerminationRequest={[Function]}
      onStartShouldSetResponder={[Function]}
      style={
        Object {
          "alignItems": "center",
          "backgroundColor": "rgba(0,0,0,0.5)",
          "flex": 1,
          "flexDirection": "column",
          "justifyContent": "center",
          "paddingHorizontal": 20,
        }
      }
    >
      <View
        style={
          Object {
            "backgroundColor": "#fff",
            "paddingHorizontal": 20,
            "paddingVertical": 25,
          }
        }
      >
        <Text>
          Tip
        </Text>
      </View>
    </View>
  </Modal>,
]
`;
