// Jest Snapshot v1, https://goo.gl/fbAQLP

exports[`<Input /> renders correctly 1`] = `
<View>
  <View
    style={
      Object {
        "paddingBottom": 4,
      }
    }
  >
    <Text
      style={
        Object {
          "color": "#777",
        }
      }
    >
      Label
    </Text>
  </View>
  <View>
    <TextInput
      allowFontScaling={true}
      onChangeText={[Function]}
      style={
        Object {
          "borderColor": "#ccc",
          "borderRadius": 5,
          "borderWidth": 1,
          "height": 40,
          "paddingHorizontal": 10,
        }
      }
      underlineColorAndroid="transparent"
      value="value"
    />
  </View>
</View>
`;
