// Jest Snapshot v1, https://goo.gl/fbAQLP

exports[`<Button /> renders correctly 1`] = `
<View
  accessible={true}
  isTVSelectable={true}
  onResponderGrant={[Function]}
  onResponderMove={[Function]}
  onResponderRelease={[Function]}
  onResponderTerminate={[Function]}
  onResponderTerminationRequest={[Function]}
  onStartShouldSetResponder={[Function]}
  style={null}
>
  <View
    style={
      Object {
        "borderColor": "#333",
        "borderRadius": 20,
        "borderWidth": 1,
        "height": 40,
        "paddingHorizontal": 15,
      }
    }
  >
    <Text
      style={
        Object {
          "color": "#333",
          "fontSize": 16,
          "fontWeight": "600",
          "lineHeight": 40,
          "textAlign": "center",
        }
      }
    >
      Label
    </Text>
  </View>
</View>
`;
